// Jest Snapshot v1, https://goo.gl/fbAQLP

exports[`Snapshot tests work as expected 1`] = `
{
  "contentHash": "1b7f124d21b942822d8fbad24d9b6206",
  "failedRules": [
    "missing-placeholders",
    "minimal-forms",
    "no-unconstrained-width",
  ],
  "pass": false,
}
`;
